// Jest Snapshot v1, https://goo.gl/fbAQLP

exports[`should render square component correctly 1`] = `
<ContextProvider
  value={
    Object {
      "dispatch": [MockFunction],
      "setTurn": [MockFunction],
      "turn": "X",
    }
  }
>
  <Square
    location={1}
    sign="X"
  />
</ContextProvider>
`;
